// Jest Snapshot v1, https://goo.gl/fbAQLP

exports[`renders the UI as expected 1`] = `
<section
  className="portfolio"
>
  <div
    className="anchor"
    id="portfolio"
  />
  <h1>
    Portfolio
  </h1>
  <div
    className="project"
  >
    <div
      className="projectHeader"
    >
      <h2>
        Sudoku Solutions
      </h2>
      <img
        alt="HTML5 icon"
        className="icon HTML5"
        src="icon-HTML5.png"
      />
      <img
        alt="CSS3 icon"
        className="icon CSS3"
        src="icon-CSS3.png"
      />
      <img
        alt="JS icon"
        className="icon"
        src="icon-JS.png"
      />
      <img
        alt="jQuery icon"
        className="icon"
        src="icon-jQuery.png"
      />
    </div>
    <p
      className="projectText"
    >
      This application takes any given Sudoku and walks the user through the logic of solving it with detailed explanations at each step.  It also has a feature to generate a random new puzzle of a specified difficulty.  Accessible to A11y users, keyboard users, mouse users, and phone users.  Also included is a brute force solve method.
    </p>
    <div
      className="linkContainer"
    >
      <div>
        <label
          className="linkText repo"
        >
          Repo:
        </label>
        <a
          href="https://github.com/QuiltDaddy/Sudoku-Website"
          rel="noopener noreferrer"
          target="_blank"
        >
          <img
            alt="GitHub icon"
            className="iconSmall"
            src="icon-gitHub.png"
          />
        </a>
      </div>
      <div>
        <label
          className="linkText liveApp"
        >
          Live App:
        </label>
      </div>
    </div>
    <a
      href="https://quiltdaddy.github.io/Sudoku-Website/"
      rel="noopener noreferrer"
      target="_blank"
    >
      <img
        alt="A clickable screenshot of the application that takes you to the live website."
        className="projectImg"
        src="sudoku-screen.png"
      />
    </a>
  </div>
  <div
    className="project"
  >
    <div
      className="projectHeader"
    >
      <h2>
        Yoga Quiz
      </h2>
      <img
        alt="HTML5 icon"
        className="icon HTML5"
        src="icon-HTML5.png"
      />
      <img
        alt="CSS3 icon"
        className="icon CSS3"
        src="icon-CSS3.png"
      />
      <img
        alt="JS icon"
        className="icon"
        src="icon-JS.png"
      />
      <img
        alt="react icon"
        className="icon"
        src="icon-react.png"
      />
    </div>
    <p
      className="projectText"
    >
      A program to demonstrate basic React website functionality and accessibility.  Accessible to A11y users, keyboard users, mouse users, and phone users.
    </p>
    <div
      className="linkContainer"
    >
      <div>
        <label
          className="linkText repo"
        >
          Repo:
        </label>
        <a
          href="https://github.com/QuiltDaddy/react-yoga-quiz/tree/master"
          rel="noopener noreferrer"
          target="_blank"
        >
          <img
            alt="GitHub icon"
            className="iconSmall"
            src="icon-gitHub.png"
          />
        </a>
      </div>
      <div>
        <label
          className="linkText liveApp"
        >
          Live App:
        </label>
      </div>
    </div>
    <a
      href="https://quiltdaddy.github.io/react-yoga-quiz/"
      rel="noopener noreferrer"
      target="_blank"
    >
      <img
        alt="A clickable screenshot of the application that takes you to the live website."
        className="projectImg"
        src="yoga-screen.png"
      />
    </a>
  </div>
  <div
    className="project"
  >
    <div
      className="projectHeader"
    >
      <h2>
        Spouts on Routes
      </h2>
      <img
        alt="HTML5 icon"
        className="icon HTML5"
        src="icon-HTML5.png"
      />
      <img
        alt="CSS3 icon"
        className="icon CSS3"
        src="icon-CSS3.png"
      />
      <img
        alt="JS icon"
        className="icon"
        src="icon-JS.png"
      />
      <img
        alt="jQuery icon"
        className="icon"
        src="icon-jQuery.png"
      />
    </div>
    <p
      className="projectText"
    >
      This project integrates Open Brewery DB, Google Maps API, and Mapquest Geocoding API to provide the user with bicycle directions to their favorite brewery.  After searching their area for craft or large scale breweries the user provides the desired starting address and the bicycle optimized directions are displayed visually and in text format.
    </p>
    <div
      className="linkContainer"
    >
      <div>
        <label
          className="linkText repo"
        >
          Repo:
        </label>
        <a
          href="https://github.com/QuiltDaddy/spouts-on-routes"
          rel="noopener noreferrer"
          target="_blank"
        >
          <img
            alt="GitHub icon"
            className="iconSmall"
            src="icon-gitHub.png"
          />
        </a>
      </div>
      <div>
        <label
          className="linkText liveApp"
        >
          Live App:
        </label>
      </div>
    </div>
    <a
      href="https://quiltdaddy.github.io/spouts-on-routes/"
      rel="noopener noreferrer"
      target="_blank"
    >
      <img
        alt="A clickable screenshot of the application that takes you to the live website."
        className="projectImg"
        src="spouts-screen.png"
      />
    </a>
  </div>
</section>
`;
