// Jest Snapshot v1, https://goo.gl/fbAQLP

exports[`renders the UI as expected 1`] = `
<nav
  role="navigation"
>
  <ul>
    <li>
      <a
        href="#home"
      >
        Home
      </a>
    </li>
    <li>
      <a
        href="#bio"
      >
        Bio
      </a>
    </li>
    <li>
      <a
        href="#portfolio"
      >
        Portfolio
      </a>
    </li>
    <li>
      <a
        href="#contact"
      >
        Contact
      </a>
    </li>
  </ul>
</nav>
`;
