// Jest Snapshot v1, https://goo.gl/fbAQLP

exports[`renders the UI as expected 1`] = `
<header
  role="banner"
>
  <img
    alt="A handsome man smiles in front of a field of trees."
    className="headshot"
    id="headshot"
    src="headshot.jpg"
  />
  <section
    className="tagContainer"
  >
    <p
      className="tagline tagline1"
    >
      Patrick
    </p>
    <p
      className="tagline tagline2"
    >
      purges
    </p>
    <p
      className="tagline tagline3"
    >
      puzzles.
    </p>
  </section>
</header>
`;
